// Jest Snapshot v1, https://goo.gl/fbAQLP

exports[`GlobalAlert components test snapshot 1`] = `null`;
