// Jest Snapshot v1, https://goo.gl/fbAQLP

exports[`<NotFoundPage /> should render and match the snapshot 1`] = `
<img
  alt=""
  class="makeStyles-root-1"
  src="IMAGE_MOCK"
  width="100%"
/>
`;
