// Jest Snapshot v1, https://goo.gl/fbAQLP

exports[`MainLayout components test LeftMenu snapshot 1`] = `
<ul
  className="MuiList-root makeStyles-container-24 MuiList-padding"
/>
`;

exports[`MainLayout components test main snapshot 1`] = `
<div
  className="makeStyles-root-1"
>
  <header
    className="MuiPaper-root MuiAppBar-root MuiAppBar-positionAbsolute MuiAppBar-colorPrimary makeStyles-appBar-4 MuiPaper-elevation4"
  >
    <div
      className="MuiToolbar-root MuiToolbar-regular makeStyles-toolbar-2 MuiToolbar-gutters"
    >
      <span
        className="MuiTypography-root makeStyles-title-8 MuiTypography-body1 MuiTypography-colorInherit MuiTypography-noWrap"
      >
        MainLayout
      </span>
      <div
        className="Wrapper-sc-1eh3f0x-0 hdXGaY"
      >
        <select
          className="makeStyles-textWhite-19 Select-qnzjgx-0 cQQWoM"
          onChange={[Function]}
          value="th"
        >
          <option
            value="en"
          >
            อังกฤษ
          </option>
          <option
            value="th"
          >
            ไทย
          </option>
        </select>
      </div>
      <a
        className="ButtonLink__StyledLink-sc-1pptk3-0 gOeyQX"
        href="/logout"
        onClick={[Function]}
      >
        <svg
          aria-hidden={true}
          className="MuiSvgIcon-root"
          focusable="false"
          viewBox="0 0 24 24"
        >
          <path
            d="M10.09 15.59L11.5 17l5-5-5-5-1.41 1.41L12.67 11H3v2h9.67l-2.58 2.59zM19 3H5c-1.11 0-2 .9-2 2v4h2V5h14v14H5v-4H3v4c0 1.1.89 2 2 2h14c1.1 0 2-.9 2-2V5c0-1.1-.9-2-2-2z"
          />
        </svg>
      </a>
    </div>
  </header>
  <main
    className="makeStyles-content-12"
  >
    <div
      className="makeStyles-appBarSpacer-11"
    />
    <div
      className="MuiBottomNavigation-root makeStyles-layoutFixed-23"
    />
    <div
      className="MuiContainer-root makeStyles-container-13 MuiContainer-maxWidthLg"
    >
      <div>
        Hello Main Layout
      </div>
    </div>
  </main>
</div>
`;
