// Jest Snapshot v1, https://goo.gl/fbAQLP

exports[`LabelTopic components test snapshot 1`] = `
<h5
  className="MuiTypography-root makeStyles-updateItemHeader-1 MuiTypography-h5"
/>
`;
