// Jest Snapshot v1, https://goo.gl/fbAQLP

exports[`SubMenu components test snapshot 1`] = `
<div
  className="MuiBottomNavigation-root makeStyles-layoutFixed-4"
/>
`;
