// Jest Snapshot v1, https://goo.gl/fbAQLP

exports[`ShowQRCode components test snapshot 1`] = `null`;
